
Nicolas Andres@LAPTOP-PEUROSOP MINGW64 ~/Desktop/bootCamp/Módulo 2/Sesión 12/Drilling/Nicolas Labarca Drilling
$ git init
Initialized empty Git repository in C:/Users/Nicolas Andres/Desktop/bootCamp/Módulo 2/Sesión 12/Drilling/Nicolas Labarca Drilling/.git/

Nicolas Andres@LAPTOP-PEUROSOP MINGW64 ~/Desktop/bootCamp/Módulo 2/Sesión 12/Drilling/Nicolas Labarca Drilling (master)
$ git status
On branch master

No commits yet

Untracked files:
  (use "git add <file>..." to include in what will be committed)
        assets/
        index.html

nothing added to commit but untracked files present (use "git add" to track)

Nicolas Andres@LAPTOP-PEUROSOP MINGW64 ~/Desktop/bootCamp/Módulo 2/Sesión 12/Drilling/Nicolas Labarca Drilling (master)
$ git add .

Nicolas Andres@LAPTOP-PEUROSOP MINGW64 ~/Desktop/bootCamp/Módulo 2/Sesión 12/Drilling/Nicolas Labarca Drilling (master)
$ git status
On branch master

No commits yet

Changes to be committed:
  (use "git rm --cached <file>..." to unstage)
        new file:   assets/css/style.css
        new file:   assets/img/IMG1.jpg
        new file:   assets/img/IMG2.jpg
        new file:   assets/img/bebidas.jpg
        new file:   assets/img/chorillana.jpg
        new file:   assets/img/fondo-logo2.jpg
        new file:   assets/img/fondo.jpg
        new file:   assets/img/mojito.jpg
        new file:   assets/img/n.png
        new file:   assets/img/shop.jpeg
        new file:   assets/img/tablas.jpg
        new file:   assets/img/vino.jpg
        new file:   assets/js/logica.js
        new file:   index.html


Nicolas Andres@LAPTOP-PEUROSOP MINGW64 ~/Desktop/bootCamp/Módulo 2/Sesión 12/Drilling/Nicolas Labarca Drilling (master)
$ git commit -m "agrega primer commit de la pagina web"
[master (root-commit) 93a6e6d] agrega primer commit de la pagina web
 14 files changed, 585 insertions(+)
 create mode 100644 assets/css/style.css
 create mode 100644 assets/img/IMG1.jpg
 create mode 100644 assets/img/IMG2.jpg
 create mode 100644 assets/img/bebidas.jpg
 create mode 100644 assets/img/chorillana.jpg
 create mode 100644 assets/img/fondo-logo2.jpg
 create mode 100644 assets/img/fondo.jpg
 create mode 100644 assets/img/mojito.jpg
 create mode 100644 assets/img/n.png
 create mode 100644 assets/img/shop.jpeg
 create mode 100644 assets/img/tablas.jpg
 create mode 100644 assets/img/vino.jpg
 create mode 100644 assets/js/logica.js
 create mode 100644 index.html

Nicolas Andres@LAPTOP-PEUROSOP MINGW64 ~/Desktop/bootCamp/Módulo 2/Sesión 12/Drilling/Nicolas Labarca Drilling (master)
$ git log
commit 93a6e6db1cd0e7dadcbac5dd898085dd7ed5cdf3 (HEAD -> master)
Author: Nicolas 
Date:   Tue Apr 11 21:22:08 2023 -0400

    agrega primer commit de la pagina web

Nicolas Andres@LAPTOP-PEUROSOP MINGW64 ~/Desktop/bootCamp/Módulo 2/Sesión 12/Drilling/Nicolas Labarca Drilling (master)
$ git status
On branch master
Changes not staged for commit:
  (use "git add <file>..." to update what will be committed)
  (use "git restore <file>..." to discard changes in working directory)
        modified:   index.html

no changes added to commit (use "git add" and/or "git commit -a")

Nicolas Andres@LAPTOP-PEUROSOP MINGW64 ~/Desktop/bootCamp/Módulo 2/Sesión 12/Drilling/Nicolas Labarca Drilling (master)
$ git add index.html

Nicolas Andres@LAPTOP-PEUROSOP MINGW64 ~/Desktop/bootCamp/Módulo 2/Sesión 12/Drilling/Nicolas Labarca Drilling (master)
$ git status
On branch master
Changes to be committed:
  (use "git restore --staged <file>..." to unstage)
        modified:   index.html


Nicolas Andres@LAPTOP-PEUROSOP MINGW64 ~/Desktop/bootCamp/Módulo 2/Sesión 12/Drilling/Nicolas Labarca Drilling (master)
$ git commit -m "agrega carousel de presentacion 'Sobre nosotros' en HTML"
[master 81bcf2f] agrega carousel de presentacion 'Sobre nosotros' en HTML
 1 file changed, 46 insertions(+), 2 deletions(-)

Nicolas Andres@LAPTOP-PEUROSOP MINGW64 ~/Desktop/bootCamp/Módulo 2/Sesión 12/Drilling/Nicolas Labarca Drilling (master)
$ git log
commit 81bcf2f5011005f47a21fb92d4649bc3be816415 (HEAD -> master)
Author: Nicolas 
Date:   Tue Apr 11 22:34:00 2023 -0400

    agrega carousel de presentacion 'Sobre nosotros' en HTML

commit 93a6e6db1cd0e7dadcbac5dd898085dd7ed5cdf3
Author: Nicolas 
Date:   Tue Apr 11 21:22:08 2023 -0400

    agrega primer commit de la pagina web

Nicolas Andres@LAPTOP-PEUROSOP MINGW64 ~/Desktop/bootCamp/Módulo 2/Sesión 12/Drilling/Nicolas Labarca Drilling (master)
$ ls
assets/  index.html

Nicolas Andres@LAPTOP-PEUROSOP MINGW64 ~/Desktop/bootCamp/Módulo 2/Sesión 12/Drilling/Nicolas Labarca Drilling (master)
$ cd assets

Nicolas Andres@LAPTOP-PEUROSOP MINGW64 ~/Desktop/bootCamp/Módulo 2/Sesión 12/Drilling/Nicolas Labarca Drilling/assets (master)
$ ls
css/  img/  js/

Nicolas Andres@LAPTOP-PEUROSOP MINGW64 ~/Desktop/bootCamp/Módulo 2/Sesión 12/Drilling/Nicolas Labarca Drilling/assets (master)
$ cd css

Nicolas Andres@LAPTOP-PEUROSOP MINGW64 ~/Desktop/bootCamp/Módulo 2/Sesión 12/Drilling/Nicolas Labarca Drilling/assets/css (master)
$ git status
On branch master
Changes not staged for commit:
  (use "git add <file>..." to update what will be committed)
  (use "git restore <file>..." to discard changes in working directory)
        modified:   style.css
        modified:   ../../index.html

no changes added to commit (use "git add" and/or "git commit -a")

Nicolas Andres@LAPTOP-PEUROSOP MINGW64 ~/Desktop/bootCamp/Módulo 2/Sesión 12/Drilling/Nicolas Labarca Drilling/assets/css (master)
$ git add style.css ../../index.html

Nicolas Andres@LAPTOP-PEUROSOP MINGW64 ~/Desktop/bootCamp/Módulo 2/Sesión 12/Drilling/Nicolas Labarca Drilling/assets/css (master)
$ git status
On branch master
Changes to be committed:
  (use "git restore --staged <file>..." to unstage)
        modified:   style.css
        modified:   ../../index.html


Nicolas Andres@LAPTOP-PEUROSOP MINGW64 ~/Desktop/bootCamp/Módulo 2/Sesión 12/Drilling/Nicolas Labarca Drilling/assets/css (master)
$ git commit -m "actualiza estructura html del carousel de presentación y agrega su estilo CSS"
[master b9646c1] actualiza estructura html del carousel de presentación y agrega su estilo CSS
 2 files changed, 82 insertions(+), 31 deletions(-)

Nicolas Andres@LAPTOP-PEUROSOP MINGW64 ~/Desktop/bootCamp/Módulo 2/Sesión 12/Drilling/Nicolas Labarca Drilling/assets/css (master)
$ git log
commit b9646c1d6d5050c50db8beb611609ccbeb7be829 (HEAD -> master)
Author: Nicolas 
Date:   Wed Apr 12 00:46:29 2023 -0400

    actualiza estructura html del carousel de presentación y agrega su estilo CSS

commit 81bcf2f5011005f47a21fb92d4649bc3be816415
Author: Nicolas 
Date:   Tue Apr 11 22:34:00 2023 -0400

    agrega carousel de presentacion 'Sobre nosotros' en HTML

commit 93a6e6db1cd0e7dadcbac5dd898085dd7ed5cdf3
Author: Nicolas 
Date:   Tue Apr 11 21:22:08 2023 -0400

    agrega primer commit de la pagina web

Nicolas Andres@LAPTOP-PEUROSOP MINGW64 ~/Desktop/bootCamp/Módulo 2/Sesión 12/Drilling/Nicolas Labarca Drilling/assets/css (master)
$ git status
On branch master
Changes not staged for commit:
  (use "git add <file>..." to update what will be committed)
  (use "git restore <file>..." to discard changes in working directory)
        modified:   style.css
        modified:   ../js/logica.js
        modified:   ../../index.html

no changes added to commit (use "git add" and/or "git commit -a")

Nicolas Andres@LAPTOP-PEUROSOP MINGW64 ~/Desktop/bootCamp/Módulo 2/Sesión 12/Drilling/Nicolas Labarca Drilling/assets/css (master)
$ cd..
bash: cd..: command not found

Nicolas Andres@LAPTOP-PEUROSOP MINGW64 ~/Desktop/bootCamp/Módulo 2/Sesión 12/Drilling/Nicolas Labarca Drilling/assets/css (master)
$ cd ..

Nicolas Andres@LAPTOP-PEUROSOP MINGW64 ~/Desktop/bootCamp/Módulo 2/Sesión 12/Drilling/Nicolas Labarca Drilling/assets (master)
$ ls
css/  img/  js/

Nicolas Andres@LAPTOP-PEUROSOP MINGW64 ~/Desktop/bootCamp/Módulo 2/Sesión 12/Drilling/Nicolas Labarca Drilling/assets (master)
$ cd ..

Nicolas Andres@LAPTOP-PEUROSOP MINGW64 ~/Desktop/bootCamp/Módulo 2/Sesión 12/Drilling/Nicolas Labarca Drilling (master)
$ ls
assets/  index.html

Nicolas Andres@LAPTOP-PEUROSOP MINGW64 ~/Desktop/bootCamp/Módulo 2/Sesión 12/Drilling/Nicolas Labarca Drilling (master)
$ git add .

Nicolas Andres@LAPTOP-PEUROSOP MINGW64 ~/Desktop/bootCamp/Módulo 2/Sesión 12/Drilling/Nicolas Labarca Drilling (master)
$ git status
On branch master
Changes to be committed:
  (use "git restore --staged <file>..." to unstage)
        modified:   assets/css/style.css
        modified:   assets/js/logica.js
        modified:   index.html


Nicolas Andres@LAPTOP-PEUROSOP MINGW64 ~/Desktop/bootCamp/Módulo 2/Sesión 12/Drilling/Nicolas Labarca Drilling (master)
$ git commit -m "agrega funcion JS para mostrar el carousel de presentacion y para cerrarlo"
[master c08fecc] agrega funcion JS para mostrar el carousel de presentacion y para cerrarlo
 3 files changed, 14 insertions(+), 4 deletions(-)

Nicolas Andres@LAPTOP-PEUROSOP MINGW64 ~/Desktop/bootCamp/Módulo 2/Sesión 12/Drilling/Nicolas Labarca Drilling (master)
$ git status
On branch master
nothing to commit, working tree clean

Nicolas Andres@LAPTOP-PEUROSOP MINGW64 ~/Desktop/bootCamp/Módulo 2/Sesión 12/Drilling/Nicolas Labarca Drilling (master)
$ git log
commit c08fecc2feb7f61b21f76f2f4dfc12e0afebc336 (HEAD -> master)
Author: Nicolas 
Date:   Wed Apr 12 01:04:14 2023 -0400

    agrega funcion JS para mostrar el carousel de presentacion y para cerrarlo

commit b9646c1d6d5050c50db8beb611609ccbeb7be829
Author: Nicolas 
Date:   Wed Apr 12 00:46:29 2023 -0400

    actualiza estructura html del carousel de presentación y agrega su estilo CSS

commit 81bcf2f5011005f47a21fb92d4649bc3be816415
Author: Nicolas 
Date:   Tue Apr 11 22:34:00 2023 -0400

    agrega carousel de presentacion 'Sobre nosotros' en HTML

commit 93a6e6db1cd0e7dadcbac5dd898085dd7ed5cdf3
Author: Nicolas 
Date:   Tue Apr 11 21:22:08 2023 -0400

    agrega primer commit de la pagina web

Nicolas Andres@LAPTOP-PEUROSOP MINGW64 ~/Desktop/bootCamp/Módulo 2/Sesión 12/Drilling/Nicolas Labarca Drilling (master)
$ 